Mach Virtual Memory Statistics: (page size of 16384 bytes)
    free   active   specul inactive throttle    wired  prgable   faults     copy    0fill reactive   purged file-backed anonymous cmprssed cmprssor  dcomprs   comprs  pageins  pageout  swapins swapouts
  582184  1031096     7305  1034092        0   204404    49095  948129K 33524630  994975K 77809691 13096423      926565   1145928   470610   230903 98622186  128374K 29611493     9248  4351152  6272670 
  565086  1043626     7305  1034386        0   208706    51719    33622     1804    20501        0        0      926600   1158717   470547   230875       63        0        8        0        0        0 
  560629  1049838     7319  1039011        0   202312    55967    20628      718     5659        0       15      926641   1169527   470543   230875        4        0       42        0        0        0 
  561248  1049193     7319  1039035        0   202314    57791     5411        0      180        0        0      926643   1168904   470542   230875        2        0        0        0        0        0 
  561734  1048671     7319  1039069        0   202316    59135      619        0      213        0        0      926647   1168412   470542   230875        0        0        0        0        0        0 
  562330  1048048     7319  1039096        0   202316    60159      547        0       44        0        0      926650   1167813   470542   230875        0        0        0        0        0        0 
  571377  1047693     7319  1039138        0   193582    53247      852       44      205        0        0      926653   1167497   470542   230875        0        0        2        0        0        0 
  570632  1048738     7319  1039755        0   192665    52991     5477      495     1630        0        0      926665   1169147   470542   230875        0        0        0        0        0        0 
  571935  1049377     7319  1039862        0   190617    52479      487        0       65        0        0      926670   1169888   470541   230874        1        0        0        0        0        0 
  576276  1045883     7319  1039893        0   189741    51199     1468        2       79        0      512      926675   1166420   470540   230872        1        0        0        0        0        0 
  558132  1047503     7319  1040237        0   205921    48140     9716        0    21117        0        0      926722   1168337   470540   230872        0        0       50        0        0        0 
  561621  1047521     7319  1040351        0   202300    48319      164        0       73        0      512      926725   1168466   470540   230872        0        0        0        0        0        0 
  561678  1047471     7319  1040348        0   202296    50879      174        0       66        0        0      926746   1168392   470540   230872        0        0        0        0        0        0 
  561698  1047468     7319  1040331        0   202296    52927      105        0       30        0        0      926734   1168384   470540   230872        0        0        0        0        0        0 
  561708  1047473     7319  1040333        0   202279    54463      130        0       76        0        4      926736   1168389   470540   230872        0        0        0        0        0        0 
  569906  1047485     7319  1040322        0   194080    48831      197        0      127        2        0      926731   1168395   470540   230872        0        0        0        0        0        0 
  569898  1047492     7319  1040323        0   194080    49855      211        0       91        0        0      926734   1168400   470540   230872        0        0        0        0        0        0 
  567984  1049273     7319  1040364        0   194174    50877     5131      491     1478        1        0      926739   1170217   470537   230870        3        0        0        0        0        0 
  570803  1049661     7319  1041005        0   190326    48573      224        0       35        0        0      926742   1171243   470537   230870        0        0        0        0        0        0 
  573237  1047897     7319  1040946        0   189716    48573     1323        2       67        0        0      926746   1169416   470536   230869        1        0        0        0        0        0 
  573721  1047903     7319  1040968        0   189204    48573      175        0       50        0        0      926768   1169422   470536   230869        0        0        0        0        0        0 
Mach Virtual Memory Statistics: (page size of 16384 bytes)
    free   active   specul inactive throttle    wired  prgable   faults     copy    0fill reactive   purged file-backed anonymous cmprssed cmprssor  dcomprs   comprs  pageins  pageout  swapins swapouts
  575209  1047518     7319  1040371        0   188698    50109  948216K 33528186  995027K 77809694 13098490      926772   1168436   470536   230869 98622261  128374K 29611595     9248  4351152  6272670 
  575224  1047516     7319  1040360        0   188698    50109      570        0       87        0        0      926772   1168423   470533   230867        3        0        0        0        0        0 
  575443  1047521     7319  1040136        0   188698    50109      252        0      115        0        0      926552   1168424   470532   230867        1        0        0        0        0        0 
  555643  1043266     7319  1039569        0   213320    49611      551        0    21878        0        0      926554   1163600   470532   230867        0        0        0        0        0        0 
  556200  1050688     7319  1039557        0   205353    52549      243        0       71        0        0      926541   1171023   470532   230867        0        0        0        0        0        0 
  554840  1051578     7319  1039950        0   205430    56133     3623      490      912        0        0      926544   1172303   470532   230867        0        0        0        0        0        0 
  554240  1052073     7318  1040047        0   205439    58949     1610        3      629        0        0      926551   1172887   470532   230867        0        0        0        0        0        0 
  554271  1051785     7318  1040304        0   205439    61253      194        0       33       26        0      926517   1172890   470532   230867        0        0        0        0        0        0 
  556341  1048839     7318  1041278        0   205341    63301     1391        2      109        0        0      926539   1170896   470532   230867        0        0        0        0        0        0 
  564550  1048789     7318  1041321        0   197139    57925      227        0       49        0        0      926542   1170886   470531   230867        1        0        0        0        0        0 
  570650  1026043     7318  1037305        0   217802    49493    15763     1558    27138        0        0      927460   1143206   470527   230866        4        0        8        0        0        0 
  572488  1034606     7320  1037302        0   207402    61443     2574      366      801        0        0      927465   1151763   470527   230866        0        0        9        0        0        0 
