Mach Virtual Memory Statistics: (page size of 16384 bytes)
    free   active   specul inactive throttle    wired  prgable   faults     copy    0fill reactive   purged file-backed anonymous cmprssed cmprssor  dcomprs   comprs  pageins  pageout  swapins swapouts
  570593  1024050     7320  1037291        0   219864    48958  948254K 33532891  995087K 77809738 13098490      927469   1141192   470527   230866 98622270  128374K 29611644     9248  4351152  6272670 
  570176  1035967     7346  1027482        0   218154    52601    43852     3015    14303        0        0      917437   1153358   470502   230859       27        0       87        0        0        0 
  541817  1043141     7346  1035170        0   231655    52837    34591     1267    34241        0      120      919781   1165876   470496   230855        6        0        6        0        0        0 
  535298  1057384     7346  1048690        0   210414    67073    13159       46     4787        0        0      923029   1190391   470488   230852        8        0        2        0        0        0 
  538071  1058958     7346  1049848        0   204918    66851    10428      493     1644        0        0      923034   1193118   470480   230843       12        0        0        0        4        0 
  540624  1057593     7346  1051087        0   202491    66339     2807        0      407        0        0      923063   1192963   470480   230843        0        0        0        0        0        0 
  544407  1054403     7346  1050590        0   202395    66083     1094        2       93        0        0      923068   1189271   470480   230843        0        0        0        0        0        0 
  547173  1051904     7346  1050323        0   202395    65827      150        0       63        0        0      923081   1186492   470480   230843        0        0        0        0        0        0 
  557464  1050607     7346  1050319        0   193405    57635      409        0       51        0        0      923077   1185195   470480   230843        0        0        0        0        0        0 
  559269  1049823     7346  1050322        0   192381    56611      371        0      293        0        0      923080   1184411   470480   230843        1        0        0        0        0        0 
  561346  1049276     7346  1050327        0   190846    55331      118        0       42        0        0      923085   1183864   470479   230843        1        0        0        0        0        0 
  564178  1047306     7346  1050233        0   190078    53535       90        0       40        0      512      923088   1181797   470479   230843        0        0        0        0        0        0 
  565180  1046840     7346  1050236        0   189539    53023      194        0       93        0        0      923091   1181331   470479   230843        0        0        0        0        0        0 
  567802  1045386     7346  1049586        0   189027    52767     1166        0      119        0     1280      923081   1179237   470464   230837      911        0        0        0        0        0 
  562298  1050783     7346  1049595        0   189132    52767     8619      495     1702        0        0      923086   1184638   470421   230830     3383        0        0        0        4        0 
  562245  1050831     7346  1049599        0   189133    52767      360        0       76        0        0      923090   1184686   470421   230830        0        0        0        0        0        0 
  564214  1048969     7346  1049617        0   189008    52767     1499        2      119        0       19      923112   1182820   470421   230830        0        0        0        0        0        0 
  564184  1048987     7346  1049631        0   189008    52767      239        0       82        0        0      923115   1182849   470420   230828        1        0        0        0        0        0 
  564040  1049125     7346  1049633        0   189012    52767      867        0      300        3        0      923117   1182987   470420   230828        0        0        0        0        0        0 
  552423  1037056     7346  1042718        0   219613    42183      456        0    15615        1        0      923126   1163994   470420   230828        0        0        0        0        0        0 
  552309  1058430     7346  1042722        0   198349    48866      550        0      286        0        0      923130   1185368   470420   230828        0        0        0        0        0        0 
Mach Virtual Memory Statistics: (page size of 16384 bytes)
    free   active   specul inactive throttle    wired  prgable   faults     copy    0fill reactive   purged file-backed anonymous cmprssed cmprssor  dcomprs   comprs  pageins  pageout  swapins swapouts
  554034  1056621     7346  1042808        0   198347    51665  948375K 33538211  995161K 77809742 13100421      923133   1183642   470419   230828 98626621  128374K 29611739     9248  4351160  6272670 
  555042  1055542     7346  1042879        0   198347    51665      243        0       74        0        0      923117   1182650   470419   230828        0        0        0        0        0        0 
  552663  1049070     7346  1044881        0   205196    44195     1031        0     6434        0        0      923119   1178178   470419   230828        0        0        0        0        0        0 
  550366  1043150     7346  1043826        0   214468    42020    21411      494     8862        0        0      923126   1171196   470419   230828        0        0        0        0        0        0 
  547217  1050764     7368  1043955        0   209859    42070    27015      159    10747       65        0      925098   1176989   470389   230821       22        0     1939        0        0        0 
  514290  1045989     7363  1041576        0   249945    39089    19050       14    31082        0        0      934277   1160651   470386   230821        3        0     9176        0        0        0 
  507480  1066693     7365  1058329        0   219296    53296    11601        0     1564        0        0      944183   1188204   470386   230821        0        0     9901        0        0        0 
  502670  1077855     7366  1069739        0   201533    56624    11310        0      799        0        0      954333   1200627   470386   230821        0        0    10128        0        0        0 
  442087  1097436     7675  1086420        0   225945    50025   141188    11274    55023       34        0      957618   1233913   468534   230421     1918        0     1651        0       27        0 
  442790  1075138     7665  1066838        0   267234    46769    25739      764    28892        7        0      959472   1190169   467998   230319      542        0      227        0        0        0 
  451138  1076101     7665  1076099        0   248663    60258    15787     1154    14030        0        0      961486   1198379   467995   230318        3        0        7        0        0        0 
  454775  1093136     7665  1082438        0   221680    73597     5268      463     2189        0        0      961489   1221750   467938   230290       57        0        7        0        0        0 
