Mach Virtual Memory Statistics: (page size of 16384 bytes)
    free   active   specul inactive throttle    wired  prgable   faults     copy    0fill reactive   purged file-backed anonymous cmprssed cmprssor  dcomprs   comprs  pageins  pageout  swapins swapouts
  588445  1030032     7329  1025648        0   207625    47715  947783K 33510969  994616K 77809634 13094238      914137   1148872   470614   230905 98622182  128374K 29611388     9248  4351152  6272670 
  522533  1080010     7332  1041650        0   207554    48777    78189     2832    66268        0        0      914169   1214823   470614   230905        0        0       19        0        0        0 
  527522  1064270     7334  1054802        0   205151    52967    59480      105    58329        0        0      914207   1212199   470614   230905        0        0        6        0        0        0 
  505256  1080442     7334  1060785        0   205262    55079    26682      495    23165        0        0      914318   1234243   470614   230905        0        0        1        0        0        0 
  495712  1081439     7329  1069336        0   205263    56359     3646        3     3228        0        0      921512   1236592   470614   230905        0        0        0        0        0        0 
  501072  1080887     7329  1071560        0   198231    51751    24555     2618    14155        0        0      921525   1238251   470614   230905        0        0       17        0        0        0 
  526441  1061507     7329  1056071        0   207731    45187     7673      580    14321        0        0      921548   1203359   470614   230905        0        0        3        0        0        0 
  514728  1070632     7329  1058627        0   207763    50215    12772        0    12680        0        0      921719   1214869   470614   230905        0        0        0        0        0        0 
  499089  1079694     7329  1067965        0   205002    50727    16275        0    16154        0      512      924319   1230669   470614   230905        0        0        0        0        0        0 
  493725  1082418     7329  1070603        0   205004    52441     3848        0     3780        0        0      926030   1234320   470614   230905        0        0        0        0        0        0 
  474097  1083689     7329  1075213        0   218715    50601     4903        0    20474        0        0      928047   1238184   470613   230905        1        0        0        0        0        0 
  473780  1088905     7329  1075983        0   213082    50345      541        0     2230        0        0      930051   1242166   470613   230905        0        0        0        0        0        0 
  468822  1098032     7329  1078789        0   206108    56353     7245        0     7159        0        0      930045   1254105   470612   230904        1        0        0        0        0        0 
  457810  1100822     7329  1092039        0   201080    55073    19711      494    16256        0        0      930050   1270140   470612   230904        0        0        0        0        0        0 
  435311  1113334     7329  1104835        0   198271    54305    25673        0    25633       25        0      930052   1295446   470612   230904        0        0        0        0        0        0 
  439951  1111264     7329  1104666        0   195870    53793      728        2       59        0        0      930075   1293184   470612   230904        0        0        0        0        0        0 
  443541  1109742     7329  1104662        0   193806    52513      153        0       82        0      512      930079   1291654   470612   230904        0        0        0        0        0        0 
  443533  1109748     7329  1104663        0   193807    53537      121        0       89        2        0      930081   1291659   470612   230904        0        0        0        0        0        0 
  446027  1110722     7329  1104663        0   190339    51489      503        0      434        0       15      930087   1292627   470612   230904        0        0        3        0        0        0 
  446779  1110741     7329  1104660        0   189571    51489       87        0       63        0        0      930090   1292640   470612   230904        0        0        0        0        0        0 
  447357  1110930     7329  1104661        0   188803    51489      310        0      283        0        0      930092   1292828   470612   230904        0        0        0        0        0        0 
Mach Virtual Memory Statistics: (page size of 16384 bytes)
    free   active   specul inactive throttle    wired  prgable   faults     copy    0fill reactive   purged file-backed anonymous cmprssed cmprssor  dcomprs   comprs  pageins  pageout  swapins swapouts
  448785  1110286     7329  1104647        0   188033    53793  948076K 33518098  994901K 77809663 13095909      930081   1292181   470612   230904 98622184  128374K 29611437     9248  4351152  6272670 
  448748  1110325     7329  1104645        0   188033    53793      495       44      249        0        0      930084   1292215   470612   230904        0        0        2        0        0        0 
  446750  1112215     7329  1104650        0   188136    53793     5087      491     1581        0        0      930089   1294105   470612   230904        0        0        0        0        0        0 
  446728  1112219     7329  1104668        0   188136    53793       96        0       48        0        0      930110   1294106   470612   230904        0        0        0        0        0        0 
  448652  1110396     7329  1104670        0   188033    53793      825        2       77        0        0      930114   1292281   470612   230904        0        0        0        0        0        0 
  448560  1110471     7329  1104687        0   188033    53793      225        0      141        0        0      930137   1292350   470612   230904        0        0        0        0        0        0 
  448421  1110606     7329  1104690        0   188034    53793      209        0      174        0        0      930140   1292485   470612   230904        0        0        0        0        0        0 
  448391  1110640     7329  1104686        0   188034    53793      180        0      121        0        0      930143   1292512   470612   230904        0        0        0        0        0        0 
  448354  1110674     7329  1104689        0   188034    53793       89        0       59        0        0      930146   1292546   470612   230904        0        0        0        0        0        0 
  448358  1110700     7329  1104660        0   188034    53793      111        0       57        0        0      930117   1292572   470611   230903        1        0        0        0        0        0 
  448369  1110695     7329  1104663        0   188025    53793       77        0       44        0        0      930120   1292567   470611   230903        0        0        0        0        0        0 
  448156  1110905     7329  1104666        0   188025    53793      311        0      267        0        0      930125   1292775   470611   230903        0        0        0        0        0        0 
  444656  1098175     7329  1099126        0   209795    45933    20238     2135    28202        0        0      929678   1274952   470611   230903        0        0       12        0        0        0 
  447296  1099932     7329  1096027        0   208497    49403      846        0      781        0        0      926581   1276707   470611   230903        0        0        0        0        0        0 
  449727  1100180     7329  1096050        0   205795    50939      890        2      135        0        2      926605   1276954   470611   230903        0        0        0        0        0        0 
  449722  1100182     7329  1096053        0   205795    53243       85        0       51        0        0      926608   1276956   470611   230903        0        0        0        0        0        0 
  449705  1100196     7329  1096056        0   205795    54779       74        0       45        0        0      926611   1276970   470611   230903        0        0        0        0        0        0 
  446081  1090807     7329  1094975        0   219889    45119      314        0    11423        0        0      926614   1266497   470611   230903        0        0        0        0        0        0 
  448560  1110112     7329  1094974        0   198106    50148      158        0       82        0        0      926614   1285801   470611   230903        0        0        0        0        0        0 
  450583  1107564     7329  1095509        0   198096    52347      395        0      354        0        0      926602   1283800   470611   230903        0        0        0        0        0        0 
  459442  1101701     7311  1094478        0   196149    50811      123        0       68        0        0      926561   1276929   470611   230903        0        0        0        0        0        0 
Mach Virtual Memory Statistics: (page size of 16384 bytes)
    free   active   specul inactive throttle    wired  prgable   faults     copy    0fill reactive   purged file-backed anonymous cmprssed cmprssor  dcomprs   comprs  pageins  pageout  swapins swapouts
  461486  1100680     7311  1094482        0   195122    49531  948107K 33520772  994945K 77809663 13095911      926565   1275908   470611   230903 98622185  128374K 29611451     9248  4351152  6272670 
  462628  1100204     7311  1094487        0   194451    47739     5017      491     1489        0      512      926571   1275431   470611   230903        0        0        0        0        0        0 
  465450  1098403     7305  1093526        0   194397    47739      126        0       81       20        0      926559   1272675   470611   230903        0        0        0        0        0        0 
  580339  1022004     7305  1034072        0   215361    43710     5199      908    21264        0        0      926541   1136840   470610   230903        1        0        8        0        0        0 
  583531  1032033     7305  1034087        0   202125    54103     1192      262      269        0        0      926561   1146864   470610   230903        0        0        3        0        0        0 
