{"time":"2026-10-09T09:30:51.56976-07:00","level":"INFO","msg":"storage migration check","component":"storage","engine":"badger","on_disk_version":0,"binary_version":3,"upgrade_authorized":false,"service":"nornicdb","version":"1.4.1","node_id":"TJs-MacBook-Pro.local"}
{"time":"2026-10-09T09:30:51.569839-07:00","level":"INFO","msg":"storage is empty; skipping upgrade gate","component":"storage","engine":"badger","on_disk_version":0,"service":"nornicdb","version":"1.4.1","node_id":"TJs-MacBook-Pro.local"}
{"time":"2026-10-09T09:30:51.569879-07:00","level":"INFO","msg":"storage upgrade plan","component":"storage","engine":"badger","from_version":0,"to_version":3,"data_dir_bytes_before":806354994,"service":"nornicdb","version":"1.4.1","node_id":"TJs-MacBook-Pro.local"}
{"time":"2026-10-09T09:30:51.569886-07:00","level":"INFO","msg":"running migration arm v0→v1","component":"storage","engine":"badger","service":"nornicdb","version":"1.4.1","node_id":"TJs-MacBook-Pro.local"}
{"time":"2026-10-09T09:30:51.569917-07:00","level":"INFO","msg":"migration arm v0→v1 complete","component":"storage","engine":"badger","duration_ms":0,"service":"nornicdb","version":"1.4.1","node_id":"TJs-MacBook-Pro.local"}
{"time":"2026-10-09T09:30:51.569924-07:00","level":"INFO","msg":"running migration arm v1→v2","component":"storage","engine":"badger","service":"nornicdb","version":"1.4.1","node_id":"TJs-MacBook-Pro.local"}
{"time":"2026-10-09T09:30:51.569929-07:00","level":"INFO","msg":"starting v1→v2 storage upgrade","component":"storage","engine":"badger","batch_size":500,"service":"nornicdb","version":"1.4.1","node_id":"TJs-MacBook-Pro.local"}
{"time":"2026-10-09T09:30:51.569941-07:00","level":"INFO","msg":"v1→v2 nodes pass complete","component":"storage","engine":"badger","scanned":0,"converted":0,"duration_ms":0,"service":"nornicdb","version":"1.4.1","node_id":"TJs-MacBook-Pro.local"}
{"time":"2026-10-09T09:30:51.569949-07:00","level":"INFO","msg":"v1→v2 edges pass complete","component":"storage","engine":"badger","scanned":0,"converted":0,"duration_ms":0,"service":"nornicdb","version":"1.4.1","node_id":"TJs-MacBook-Pro.local"}
{"time":"2026-10-09T09:30:51.569979-07:00","level":"INFO","msg":"v1→v2 secondary index rebuild complete","component":"storage","engine":"badger","label_entries":0,"outgoing_entries":0,"incoming_entries":0,"edge_type_entries":0,"duration_ms":0,"service":"nornicdb","version":"1.4.1","node_id":"TJs-MacBook-Pro.local"}
{"time":"2026-10-09T09:30:51.570003-07:00","level":"INFO","msg":"v1→v2 storage upgrade complete","component":"storage","engine":"badger","nodes_converted":0,"edges_converted":0,"duration_ms":0,"service":"nornicdb","version":"1.4.1","node_id":"TJs-MacBook-Pro.local"}
{"time":"2026-10-09T09:30:51.570013-07:00","level":"INFO","msg":"migration arm v1→v2 complete","component":"storage","engine":"badger","duration_ms":0,"service":"nornicdb","version":"1.4.1","node_id":"TJs-MacBook-Pro.local"}
{"time":"2026-10-09T09:30:51.5701-07:00","level":"INFO","msg":"migration arm v2→v3 complete","component":"storage","engine":"badger","duration_ms":0,"service":"nornicdb","version":"1.4.1","node_id":"TJs-MacBook-Pro.local"}
{"time":"2026-10-09T09:30:51.570139-07:00","level":"INFO","msg":"storage upgrade summary","component":"storage","engine":"badger","final_version":3,"total_duration_ms":0,"data_dir_bytes_before":806354994,"data_dir_bytes_after":806354994,"data_dir_bytes_delta":0,"lsm_bytes":0,"vlog_bytes":0,"service":"nornicdb","version":"1.4.1","node_id":"TJs-MacBook-Pro.local"}
{"time":"2026-10-09T09:30:51.57015-07:00","level":"INFO","msg":"post-migration DB reopen starting","component":"storage","engine":"badger","service":"nornicdb","version":"1.4.1","node_id":"TJs-MacBook-Pro.local"}
{"time":"2026-10-09T09:30:51.583786-07:00","level":"INFO","msg":"post-migration DB reopen complete","component":"storage","engine":"badger","service":"nornicdb","version":"1.4.1","node_id":"TJs-MacBook-Pro.local"}
{"time":"2026-10-09T09:30:51.583802-07:00","level":"INFO","msg":"post-migration compaction starting","component":"storage","engine":"badger","lsm_workers":14,"service":"nornicdb","version":"1.4.1","node_id":"TJs-MacBook-Pro.local"}
{"time":"2026-10-09T09:30:51.583828-07:00","level":"INFO","msg":"post-migration LSM flatten done","component":"storage","engine":"badger","duration_ms":0,"service":"nornicdb","version":"1.4.1","node_id":"TJs-MacBook-Pro.local"}
{"time":"2026-10-09T09:30:51.583843-07:00","level":"INFO","msg":"post-migration value-log GC done","component":"storage","engine":"badger","rewrites":0,"duration_ms":0,"service":"nornicdb","version":"1.4.1","node_id":"TJs-MacBook-Pro.local"}
🗜️  WAL auto-compaction enabled (snapshot interval: 5m0s)
📂 Using persistent storage at /Users/tjsweet/src/NornicDB/bench-data/nornic (WAL + async writes, flush: 50ms, node cache: 50000, edge cache: 100000)
📦 Wrapped storage with namespace 'nornic' (all operations are namespaced)
   [Plugin Debug] Loading plugins from: /Users/tjsweet/src/NornicDB/plugins (resolved from ./plugins)
   [Plugin Debug] Found 0 .so files: []
2026/10/09 09:30:51 🔍 Search services enabled (per-database init, 1024-dimension vector index)
2026/10/09 09:30:51 INFO 📇 Search: BM25 engine selected: v2 event_id=search.bm25_engine.selected component=search bm25_engine=v2
2026/10/09 09:30:51 🕰️ Rebuilding temporal indexes before serving traffic...
2026/10/09 09:30:51 🧾 Rebuilding MVCC heads before serving traffic...
2026/10/09 09:30:51 🔄 MVCC lifecycle manager enabled (cycle=30s)
🚀 GPU acceleration enabled for search services (all databases)
{"time":"2026-10-09T09:30:51.605812-07:00","level":"WARN","msg":"remote credential encryption key fallback in use","component":"server","event_id":"server.remote_credentials.key_fallback","fallback":"jwt_signing_secret","remediation":"set NORNICDB_REMOTE_CREDENTIALS_KEY for stronger key separation","service":"nornicdb","version":"1.4.1","node_id":"TJs-MacBook-Pro.local"}
{"time":"2026-10-09T09:30:51.606058-07:00","level":"INFO","msg":"heimdall AI assistant disabled","component":"server","event_id":"server.heimdall.disabled","subsystem":"heimdall","override_env":"NORNICDB_HEIMDALL_ENABLED","service":"nornicdb","version":"1.4.1","node_id":"TJs-MacBook-Pro.local"}
{"time":"2026-10-09T09:30:51.606068-07:00","level":"INFO","msg":"search rerank disabled","component":"server","event_id":"server.search_rerank.disabled","subsystem":"search_rerank","override_env":"NORNICDB_SEARCH_RERANK_ENABLED","service":"nornicdb","version":"1.4.1","node_id":"TJs-MacBook-Pro.local"}
{"time":"2026-10-09T09:30:51.606076-07:00","level":"WARN","msg":"authentication disabled","component":"server","event_id":"server.auth.disabled","service":"nornicdb","version":"1.4.1","node_id":"TJs-MacBook-Pro.local"}
{"time":"2026-10-09T09:30:51.606268-07:00","level":"INFO","msg":"INFO observability: service.instance.id=\"TJs-MacBook-Pro.local\" (resolved from hostname)","event_id":"observability.resource.instance_id_resolved","component":"observability","service_instance_id":"TJs-MacBook-Pro.local","source":"hostname","service":"nornicdb","version":"1.4.1","node_id":"TJs-MacBook-Pro.local"}
2026/10/09 09:30:51 🔍 Search disabled for database nornic — skipping BM25 + vector index build
2026/10/09 09:30:51 INFO INFO observability: service.instance.id="TJs-MacBook-Pro.local" (resolved from hostname) event_id=observability.resource.instance_id_resolved component=observability service_instance_id=TJs-MacBook-Pro.local source=hostname
2026/10/09 09:30:51 INFO observability: instance_id=TJs-MacBook-Pro.local (source=hostname)
{"time":"2026-10-09T09:30:51.6064-07:00","level":"INFO","msg":"resolved tenant labels enabled","event_id":"observability.tenant_labels.resolved","component":"observability","enabled":false,"reason":"not_k8s_service_host_absent","service_host_present":false,"token_file_present":"<REDACTED>","service":"nornicdb","version":"1.4.1","node_id":"TJs-MacBook-Pro.local"}
2026/10/09 09:30:51 ℹ️  Search disabled for all 1 database(s) — no indexes built
{"time":"2026-10-09T09:30:51.607408-07:00","level":"INFO","msg":"UI browser enabled","component":"server","event_id":"server.ui.enabled","route":"/","service":"nornicdb","version":"1.4.1","node_id":"TJs-MacBook-Pro.local"}
{"time":"2026-10-09T09:30:51.607538-07:00","level":"INFO","msg":"graphql API enabled","component":"server","event_id":"server.graphql.enabled","route":"/graphql","service":"nornicdb","version":"1.4.1","node_id":"TJs-MacBook-Pro.local"}
{"time":"2026-10-09T09:30:51.607551-07:00","level":"INFO","msg":"HTTP/2 enabled","component":"server","event_id":"server.http2.enabled","mode":"h2c_cleartext","compat":"http/1.1","service":"nornicdb","version":"1.4.1","node_id":"TJs-MacBook-Pro.local"}
{"time":"2026-10-09T09:30:51.608123-07:00","level":"INFO","msg":"bolt server listening","component":"bolt","event_id":"bolt.server.listening","host":"localhost","port":17687,"service":"nornicdb","version":"1.4.1","node_id":"TJs-MacBook-Pro.local"}
{"time":"2026-10-09T09:30:52.407798-07:00","level":"WARN","msg":"transport sniff failed","component":"bolt","event_id":"bolt.transport.sniff_failed","remote":"127.0.0.1:54570","error":"EOF","service":"nornicdb","version":"1.4.1","node_id":"TJs-MacBook-Pro.local"}
{"time":"2026-10-09T09:30:52.426128-07:00","level":"WARN","msg":"transport sniff failed","component":"bolt","event_id":"bolt.transport.sniff_failed","remote":"127.0.0.1:54571","error":"EOF","service":"nornicdb","version":"1.4.1","node_id":"TJs-MacBook-Pro.local"}
2026/10/09 09:31:17 INFO search cursor lifecycle event_id=search.cursor.lifecycle component=search outcome=release
