Mach Virtual Memory Statistics: (page size of 16384 bytes)
    free   active   specul inactive throttle    wired  prgable   faults     copy    0fill reactive   purged file-backed anonymous cmprssed cmprssor  dcomprs   comprs  pageins  pageout  swapins swapouts
  601531  1010037     7211  1020501        0   219187    41190  947084K 33491718  993997K 77809490 13091165      903565   1134184   472118   231517 98620662  128374K 29552230     9248  4351152  6272670 
  597567  1015768     7217  1020510        0   217405    43026    17561      770     4459        0        0      904122   1139373   472118   231517        0        0      557        0        0        0 
  561594  1040578     7222  1031584        0   217489    43024    39712      522    33009        0        0      907689   1171695   472118   231517        0        0     3562        0        0        0 
  522421  1066182     7409  1056393        0   206062    49146    51197        2    43444        0        0      909223   1220761   472118   231517        0        0     8033        0        0        0 
  495107  1081224     7410  1070659        0   204068    47873    31668      491    24633        0        0      912801   1246492   472116   231516        2        0     3561        0        0        0 
  483869  1083503     7406  1079621        0   204070    52486    18689        0    12627        0        0      912404   1258126   472114   231515        2        0     6045        0        0        0 
  481751  1085820     7470  1078018        0   205410    46363     6813        2     7870        0        0      915290   1256018   472114   231515        0        0     2864        0        0        0 
  480146  1085279     7474  1076696        0   208874    48460     3952        0     1845        0        0      916909   1252540   472111   231515        3        0     1592        0        0        0 
  480686  1084797     7474  1076694        0   208818    45280     1990        0     1272        0        0      916912   1252053   472111   231515        0        0        0        0        0        0 
  481037  1081249     7474  1073616        0   215094    44594    16223        0     7252        1        0      916919   1245420   472109   231514        2        0        0        0        0        0 
  433047  1069082     7472  1065867        0   283003    41828    39040      184    79619        0        0      916928   1225493   472104   231513        5        0       50        0        0        0 
  420587  1097772     7472  1087043        0   245597    71113    18410       84    24365        0        0      916931   1275356   472104   231513        0        0        0        0        0        0 
  424764  1087419     7475  1078353        0   260460    65034     7997       92     6314        0        0      916940   1256307   472104   231513        0        0       11        0        0        0 
  434446  1100131     7474  1081806        0   234614    66080     3013       64     3215        0        0      916948   1272463   472104   231513        0        0        0        0        0        0 
  431233  1094342     7472  1085183        0   240241    60710    10500      492     9884        2        0      916980   1270017   472104   231513        0        0        0        0        0        0 
  427181  1086718     7470  1092173        0   244929    57834     9016       81    11013       56        0      917352   1269009   472104   231513        0        0      187        0        0        0 
  429702  1100011     7471  1091746        0   229541    54789     5709      191     5347        0        0      917401   1281827   472100   231513        4        0       21        0        0        0 
  434098  1090682     7475  1091215        0   235001    52540     2412      129     1745        0        0      917416   1271956   472100   231513        0        0        7        0        0        0 
  437717  1093107     7475  1090821        0   229351    50888     1617      196     1135        0        0      917419   1273984   472100   231513        0        0        0        0        0        0 
  440951  1097139     7475  1090817        0   222089    53996      573       48      392        0        2      917422   1278009   472099   231513        1        0        0        0        0        0 
  446298  1079612     7475  1090152        0   234934    46524     4090      195     4321        0      632      917425   1259814   472099   231513        0        0        0        0        0        0 
Mach Virtual Memory Statistics: (page size of 16384 bytes)
    free   active   specul inactive throttle    wired  prgable   faults     copy    0fill reactive   purged file-backed anonymous cmprssed cmprssor  dcomprs   comprs  pageins  pageout  swapins swapouts
  447083  1085737     7475  1090133        0   228043    45761  947375K 33495318  994281K 77809549 13091799      917427   1265918   472099   231513 98620681  128374K 29578720     9248  4351152  6272670 
  450468  1076331     7475  1089995        0   234202    42832     1583      202     2511        0      120      917416   1256385   472099   231513        0        0        0        0        0        0 
  451474  1068895     7475  1089138        0   242044    40716     4749      119     1554        0      512      917419   1248089   470762   230958     1355        0        2        0        0        0 
  451137  1085590     7475  1089138        0   225691    45246     6153      753     2211        0        0      917426   1264777   470753   230953        7        0        0        0        0        0 
  452370  1087895     7475  1089145        0   222146    44478     5193       22     2125        0        0      917447   1267068   470752   230953        0        0        0        0        0        0 
  455074  1084377     7475  1089140        0   222967    43622    24293      246     9822        0        0      917451   1263541   470750   230951        2        0        0        0        0        0 
  455566  1083856     7475  1089163        0   222973    43110    16979       18     6901        0        0      917474   1263020   470749   230951        1        0        0        0        0        0 
  566864  1020371     7270  1014519        0   250009    44426    18865      413    30711        1        0      913765   1128395   470747   230951        3        0     3136        0        0        0 
  571444  1022270     7266  1016832        0   241221    49530     3997      813     2634        0        0      913753   1132615   470747   230951        0        0        7        0        0        0 
  572716  1032826     7272  1020936        0   225283    56135     7649      869     3163        0        0      913778   1147256   470747   230951        0        0       22        0        0        0 
