Mach Virtual Memory Statistics: (page size of 16384 bytes)
    free   active   specul inactive throttle    wired  prgable   faults     copy    0fill reactive   purged file-backed anonymous cmprssed cmprssor  dcomprs   comprs  pageins  pageout  swapins swapouts
  580385  1012238     7209  1018596        0   240605    48274  947474K 33501009  994346K 77809572 13092431      904170   1133873   470747   230951 98622049  128374K 29581921     9248  4351152  6272670 
  565423  1027633     7217  1019066        0   239694    49140    35638     1036    17107        0        2      904738   1149178   470746   230951        1        0      563        0        0        0 
  538370  1041047     7287  1031519        0   240810    48404    31514      608    24514        0        0      909487   1170366   470746   230951        0        0     4714        0        0        0 
  483960  1075338     7409  1066689        0   225638    54467    69624      662    55180        0        0      910586   1238850   470745   230950        1        0     7610        0        0        0 
  473563  1082089     7407  1073002        0   222973    52675    13281       66     9539        0        0      914048   1248450   470745   230950        0        0     3456        0        0        0 
  466005  1083248     7410  1079435        0   222936    51139    20057      180    12831        0        0      913407   1256686   470745   230950        0        0     5785        0        0        0 
  461422  1087769     7476  1079435        0   222932    50115     6080       54     2794        0       17      916544   1258136   470744   230950        1        0     3096        0        0        0 
  460421  1088715     7488  1079505        0   222921    49091     3293      181     1709        0        0      917542   1258166   470716   230934       28        0      994        0        0        0 
  454704  1079931     7488  1075214        0   241713    45516      717       50     7688        0        0      917545   1245088   470716   230934        0        0        0        0        0        0 
  445014  1075195     7488  1071395        0   259959    46287     6341      153    13075        0        0      917548   1236530   470711   230933        5        0        0        0        0        0 
  445346  1076696     7487  1073675        0   255847    44044     5993      119     6012        2        0      917546   1240312   470708   230933        3        0        0        0        0        0 
  442827  1079499     7487  1073237        0   256001    42756     7451       27     6831        2        0      917549   1242674   470708   230933        0        0        0        0        0        0 
  444362  1096125     7487  1078070        0   233007    48927     2581       20     1951        0        0      917554   1264128   470708   230933        0        0        0        0        0        0 
  444050  1089787     7490  1080136        0   237588    46725    12894      493     7075        0      512      917591   1259822   470708   230933        0        0       15        0        0        0 
  445298  1089149     7488  1080147        0   236969    45837     4205        4     3020        0        0      917594   1259190   470708   230933        0        0        0        0        0        0 
  447699  1088611     7488  1081081        0   234172    50706     6068        3     3936       32        0      917600   1259580   470708   230933        0        0        3        0        0        0 
  451229  1087170     7488  1080684        0   232480    49883     4390        0     2462        0        0      917609   1257733   470708   230933        0        0        0        0        0        0 
  447914  1073482     7504  1073565        0   256586    44074     9411       11    19594        0        0      917720   1236831   470708   230933        0        0       22        0        0        0 
  443443  1098284     7530  1092147        0   217675    61217     1800        0    10953        0        2      917812   1280149   470627   230905       81        0       21        0        0        0 
  450239  1100696     7530  1092461        0   208153    57597      152        0      188        0       18      917815   1282872   470616   230905       11        0        0        0        0        0 
  453038  1100501     7530  1092463        0   205547    59422      564        0      506        0        0      917818   1282676   470615   230905        1        0        0        0        0        0 
Mach Virtual Memory Statistics: (page size of 16384 bytes)
    free   active   specul inactive throttle    wired  prgable   faults     copy    0fill reactive   purged file-backed anonymous cmprssed cmprssor  dcomprs   comprs  pageins  pageout  swapins swapouts
  455330  1098204     7530  1092470        0   205545    59934  947716K 33504676  994554K 77809608 13092982      917825   1280379   470615   230905 98622181  128374K 29608200     9248  4351152  6272670 
  457377  1096172     7530  1092454        0   205546    60190      300       21      128        0        0      917813   1278343   470615   230905        0        0        1        0        0        0 
  457289  1096152     7530  1092460        0   205648    60190     5193      516     1675        0        0      917826   1278316   470615   230905        0        0        2        0        0        0 
  458557  1094882     7530  1092458        0   205652    60190      239        0      170        0        0      917829   1277041   470615   230905        0        0        0        0        0        0 
  472007  1092327     7530  1092447        0   194768    50974      880        2      117        0        0      917835   1274469   470615   230905        0        0        0        0        0        0 
  474077  1092184     7530  1092437        0   192851    49950      139        0       70        0        0      917838   1274313   470615   230905        0        0        0        0        0        0 
  579097  1028489     7329  1026147        0   218017    47972    18374      191    34521        2        0      914134   1147831   470614   230905        1        0     3131        0        0        0 
  583126  1032894     7329  1025423        0   210307    52332     4256      824     2540        0     1000      914133   1151513   470614   230905        0        0        7        0        0        0 
  585326  1033393     7329  1025684        0   207347    56067     1942      355      576        0      120      914151   1152255   470614   230905        0        0        4        0        0        0 
